// Jest Snapshot v1, https://goo.gl/fbAQLP

exports[`Header should have appearances that matches snapshot 1`] = `
<header
  class="fixed z-header inset-x-0 top-0 w-full h-16 flex flex-row justify-between items-center bg-green-500 sm:px-6 md:px-8"
>
  <div
    class="h-full hidden md:flex md:flex-row md:justify-center md:items-center"
  >
    <a
      aria-label="kuman514-logo"
    >
      kuman514
    </a>
  </div>
  <nav
    class="w-full h-full md:w-fit"
  >
    <ul
      class="flex flex-row justify-between items-center w-full h-full md:gap-4"
    >
      <li
        id="yasuo"
      >
        <a>
          Yasuo
        </a>
      </li>
      <li
        id="koishi"
      >
        <a>
          Koishi Komeiji
        </a>
      </li>
      <li
        id="hoshino"
      >
        <a>
          Hoshino Takanashi
        </a>
      </li>
    </ul>
  </nav>
</header>
`;
