// Jest Snapshot v1, https://goo.gl/fbAQLP

exports[`ProjectPageTemplate should match the snapshot 1`] = `
<main
  class="min-h-screen flex flex-col w-full flex flex-col items-center"
>
  <div
    class="flex flex-col px-8 py-24 gap-16 sm:px-24 max-w-6xl"
  >
    <div
      class="w-full text-right"
    >
      최근 수정 일자: 
      2025
      년 
      8
      월
       
      9
      일
    </div>
    Lorem ipsum dolor sit amet.
  </div>
</main>
`;
