// Jest Snapshot v1, https://goo.gl/fbAQLP

exports[`Button should render as expected 1`] = `
<button
  class="bg-green-600 hover:bg-green-400 text-white px-6 py-4 rounded-lg transition hover:-translate-y-1 hover:drop-shadow-[0_4px_8px_rgba(0,0,0,0.5)] undefined"
>
  Yasuo
</button>
`;
